01-27 13:38:22.327 23720 23720 D ViewRootImpl: ViewPostImeInputStage processPointer 0
01-27 13:38:22.417 23720 23720 D ViewRootImpl: ViewPostImeInputStage processPointer 1
01-27 13:38:23.177 23720 23720 D ViewRootImpl: ViewPostImeInputStage processPointer 0
01-27 13:38:23.267 23720 23720 D ViewRootImpl: ViewPostImeInputStage processPointer 1
01-27 13:38:24.077 23720 23720 D ViewRootImpl: ViewPostImeInputStage processKey 0
01-27 13:38:24.147 23720 23720 D ViewRootImpl: ViewPostImeInputStage processKey 1
01-27 13:38:24.177 23720 23720 W PassphraseRequiredActionBarActivity: onResume()
01-27 13:38:24.217 23720 23827 D mali_winsys: EGLint new_window_surface(egl_winsys_display*, void*, EGLSurface, EGLConfig, egl_winsys_surface**, egl_color_buffer_format*, EGLBoolean) returns 0x3000,  [1440x2560]-format:1
01-27 13:38:24.217 23720 23720 W KeyCachingService: onStartCommand, org.thoughtcrime.securesms.service.action.ACTIVITY_START_EVENT
01-27 13:38:24.217 23720 23720 W KeyCachingService: Incrementing activity count...
01-27 13:38:24.217 23720 23720 W MessageRetrievalService: Active Count: 1
01-27 13:38:24.217 23720 23745 W MessageRetrievalService: Network requirement: true, active activities: 1, push pending: 0
01-27 13:38:24.217 23720 23745 W MessageRetrievalService: Making websocket connection....
01-27 13:38:24.217 23720 23745 W WebSocketConnection: WSC connect()...
01-27 13:38:24.247 23720 23745 W MessageRetrievalService: Network requirement: true, active activities: 1, push pending: 0
01-27 13:38:24.247 23720 23745 W MessageRetrievalService: Reading message...
01-27 13:38:24.267 23720 23720 I Timeline: Timeline: Activity_idle id: android.os.BinderProxy@55cebd7 time:15847645
01-27 13:38:24.547 23720 23720 D MultiPhoneWindow: performUpdateVisibility, same visibility false
01-27 13:38:24.547 23720 23720 D ViewRootImpl: #3 mView = null
01-27 13:38:25.047 23720 23720 D ViewRootImpl: ViewPostImeInputStage processPointer 0
01-27 13:38:25.107 23720 23720 D ViewRootImpl: ViewPostImeInputStage processPointer 1
01-27 13:38:25.167 23720 23720 I Timeline: Timeline: Activity_launch_request id:org.thoughtcrime.securesms time:15848547
01-27 13:38:25.187 23720 23720 W PassphraseRequiredActionBarActivity: onPause()
01-27 13:38:25.207 23720 23720 W KeyCachingService: onStartCommand, org.thoughtcrime.securesms.service.action.ACTIVITY_STOP_EVENT
01-27 13:38:25.207 23720 23720 W KeyCachingService: Decrementing activity count...
01-27 13:38:25.207 23720 23720 W MessageRetrievalService: Active Count: 0
01-27 13:38:25.207 23720 23720 D RelationGraph: garbageCollect()
01-27 13:38:25.207 23720 23720 W ResourcesManager: getTopLevelResources: /data/app/org.thoughtcrime.securesms-1/base.apk / 1.0 running in org.thoughtcrime.securesms rsrc of package org.thoughtcrime.securesms
01-27 13:38:25.217 23720 23720 D Activity: performCreate Call Injection manager
01-27 13:38:25.227 23720 23720 I InjectionManager: dispatchOnViewCreated > Target : org.thoughtcrime.securesms.LogSubmitActivity isFragment :false
01-27 13:38:25.227 23720 23720 D ViewRootImpl: #1 mView = com.android.internal.policy.MultiPhoneWindow$MultiPhoneDecorView{7a0d2d5 I.E...... R.....ID 0,0-0,0}
01-27 13:38:25.227 23720 23720 D SecWifiDisplayUtil: Metadata value : SecSettings2
01-27 13:38:25.257 23720 23720 D MultiPhoneWindow: performUpdateVisibility, same visibility false
01-27 13:38:25.267 23720 23827 D mali_winsys: EGLint new_window_surface(egl_winsys_display*, void*, EGLSurface, EGLConfig, egl_winsys_surface**, egl_color_buffer_format*, EGLBoolean) returns 0x3000,  [1440x2560]-format:1
01-27 13:38:25.277 23720 23720 W ClipboardExManager: hasData : 2, -1, null
01-27 13:38:25.277 23720 24074 D Scrubber: scrubbing input
01-27 13:38:25.287 23720 23720 I InjectionManager: dispatchCreateOptionsMenu :org.thoughtcrime.securesms.LogSubmitActivity
01-27 13:38:25.287 23720 23720 I InjectionManager: dispatchPrepareOptionsMenu :org.thoughtcrime.securesms.LogSubmitActivity
01-27 13:38:25.287 23720 23720 W DisplayListCanvas: DisplayListCanvas is started on unbinded RenderNode (without mOwningView)
01-27 13:38:25.287 23720 23720 W DisplayListCanvas: DisplayListCanvas is started on unbinded RenderNode (without mOwningView)
01-27 13:38:25.297 23720 23720 D ViewRootImpl: MSG_RESIZED_REPORT: ci=Rect(0, 96 - 0, 0) vi=Rect(0, 96 - 0, 0) or=1
01-27 13:38:25.307 23720 23720 W ClipboardExManager: hasData : 2, -1, null
01-27 13:38:25.347 23720 23720 W ClipboardExManager: hasData : 2, -1, null
01-27 13:38:25.347 23720 23720 W DisplayListCanvas: DisplayListCanvas is started on unbinded RenderNode (without mOwningView)
01-27 13:38:25.347 23720 23720 W DisplayListCanvas: DisplayListCanvas is started on unbinded RenderNode (without mOwningView)
01-27 13:38:25.347 23720 23720 W DisplayListCanvas: DisplayListCanvas is started on unbinded RenderNode (without mOwningView)
01-27 13:38:25.347 23720 23720 W DisplayListCanvas: DisplayListCanvas is started on unbinded RenderNode (without mOwningView)
01-27 13:38:25.347 23720 23720 W DisplayListCanvas: DisplayListCanvas is started on unbinded RenderNode (without mOwningView)
01-27 13:38:25.347 23720 23720 W DisplayListCanvas: DisplayListCanvas is started on unbinded RenderNode (without mOwningView)
01-27 13:38:25.347 23720 23720 W DisplayListCanvas: DisplayListCanvas is started on unbinded RenderNode (without mOwningView)
01-27 13:38:25.347 23720 23720 W DisplayListCanvas: DisplayListCanvas is started on unbinded RenderNode (without mOwningView)
01-27 13:38:25.347 23720 23720 W DisplayListCanvas: DisplayListCanvas is started on unbinded RenderNode (without mOwningView)
01-27 13:38:25.347 23720 23720 W DisplayListCanvas: DisplayListCanvas is started on unbinded RenderNode (without mOwningView)
01-27 13:38:25.347 23720 23720 W DisplayListCanvas: DisplayListCanvas is started on unbinded RenderNode (without mOwningView)
01-27 13:38:25.347 23720 23720 W DisplayListCanvas: DisplayListCanvas is started on unbinded RenderNode (without mOwningView)
01-27 13:38:25.347 23720 23720 W DisplayListCanvas: DisplayListCanvas is started on unbinded RenderNode (without mOwningView)
01-27 13:38:25.347 23720 23720 W DisplayListCanvas: DisplayListCanvas is started on unbinded RenderNode (without mOwningView)
01-27 13:38:25.347 23720 23720 W DisplayListCanvas: DisplayListCanvas is started on unbinded RenderNode (without mOwningView)
01-27 13:38:25.347 23720 23720 W DisplayListCanvas: DisplayListCanvas is started on unbinded RenderNode (without mOwningView)
01-27 13:38:25.347 23720 23720 W DisplayListCanvas: DisplayListCanvas is started on unbinded RenderNode (without mOwningView)
01-27 13:38:25.347 23720 23720 W DisplayListCanvas: DisplayListCanvas is started on unbinded RenderNode (without mOwningView)
01-27 13:38:25.347 23720 23720 W DisplayListCanvas: DisplayListCanvas is started on unbinded RenderNode (without mOwningView)
01-27 13:38:25.357 23720 23720 W DisplayListCanvas: DisplayListCanvas is started on unbinded RenderNode (without mOwningView)
01-27 13:38:25.357 23720 23720 W DisplayListCanvas: DisplayListCanvas is started on unbinded RenderNode (without mOwningView)
01-27 13:38:25.357 23720 23720 W DisplayListCanvas: DisplayListCanvas is started on unbinded RenderNode (without mOwningView)
01-27 13:38:25.357 23720 23720 W DisplayListCanvas: DisplayListCanvas is started on unbinded RenderNode (without mOwningView)
01-27 13:38:25.357 23720 23720 W DisplayListCanvas: DisplayListCanvas is started on unbinded RenderNode (without mOwningView)
01-27 13:38:25.357 23720 23720 W DisplayListCanvas: DisplayListCanvas is started on unbinded RenderNode (without mOwningView)
01-27 13:38:25.357 23720 23720 W DisplayListCanvas: DisplayListCanvas is started on unbinded RenderNode (without mOwningView)
01-27 13:38:25.357 23720 23720 W DisplayListCanvas: DisplayListCanvas is started on unbinded RenderNode (without mOwningView)
01-27 13:38:25.357 23720 23720 W DisplayListCanvas: DisplayListCanvas is started on unbinded RenderNode (without mOwningView)
01-27 13:38:25.357 23720 23720 W DisplayListCanvas: DisplayListCanvas is started on unbinded RenderNode (without mOwningView)
01-27 13:38:25.357 23720 23720 W DisplayListCanvas: DisplayListCanvas is started on unbinded RenderNode (without mOwningView)
01-27 13:38:25.357 23720 23720 W DisplayListCanvas: DisplayListCanvas is started on unbinded RenderNode (without mOwningView)
01-27 13:38:25.357 23720 23720 W DisplayListCanvas: DisplayListCanvas is started on unbinded RenderNode (without mOwningView)
01-27 13:38:25.357 23720 23720 W DisplayListCanvas: DisplayListCanvas is started on unbinded RenderNode (without mOwningView)
01-27 13:38:25.367 23720 23720 W DisplayListCanvas: DisplayListCanvas is started on unbinded RenderNode (without mOwningView)
01-27 13:38:25.367 23720 23720 W DisplayListCanvas: DisplayListCanvas is started on unbinded RenderNode (without mOwningView)
01-27 13:38:25.367 23720 23720 W DisplayListCanvas: DisplayListCanvas is started on unbinded RenderNode (without mOwningView)
01-27 13:38:25.367 23720 23720 W DisplayListCanvas: DisplayListCanvas is started on unbinded RenderNode (without mOwningView)
01-27 13:38:25.367 23720 23720 W DisplayListCanvas: DisplayListCanvas is started on unbinded RenderNode (without mOwningView)
01-27 13:38:25.367 23720 23720 W DisplayListCanvas: DisplayListCanvas is started on unbinded RenderNode (without mOwningView)
01-27 13:38:25.367 23720 23720 W DisplayListCanvas: DisplayListCanvas is started on unbinded RenderNode (without mOwningView)
01-27 13:38:25.367 23720 23720 W DisplayListCanvas: DisplayListCanvas is started on unbinded RenderNode (without mOwningView)
01-27 13:38:25.367 23720 23720 W DisplayListCanvas: DisplayListCanvas is started on unbinded RenderNode (without mOwningView)
01-27 13:38:25.367 23720 23720 W DisplayListCanvas: DisplayListCanvas is started on unbinded RenderNode (without mOwningView)
01-27 13:38:25.367 23720 23720 W DisplayListCanvas: DisplayListCanvas is started on unbinded RenderNode (without mOwningView)
01-27 13:38:25.367 23720 23720 W DisplayListCanvas: DisplayListCanvas is started on unbinded RenderNode (without mOwningView)
01-27 13:38:25.367 23720 23720 W DisplayListCanvas: DisplayListCanvas is started on unbinded RenderNode (without mOwningView)
01-27 13:38:25.367 23720 23720 W DisplayListCanvas: DisplayListCanvas is started on unbinded RenderNode (without mOwningView)
01-27 13:38:25.367 23720 23720 W DisplayListCanvas: DisplayListCanvas is started on unbinded RenderNode (without mOwningView)
01-27 13:38:25.367 23720 23720 W DisplayListCanvas: DisplayListCanvas is started on unbinded RenderNode (without mOwningView)
01-27 13:38:25.367 23720 23720 W DisplayListCanvas: DisplayListCanvas is started on unbinded RenderNode (without mOwningView)
01-27 13:38:25.367 23720 23720 W DisplayListCanvas: DisplayListCanvas is started on unbinded RenderNode (without mOwningView)
01-27 13:38:25.367 23720 23720 W DisplayListCanvas: DisplayListCanvas is started on unbinded RenderNode (without mOwningView)
01-27 13:38:25.367 23720 23720 W DisplayListCanvas: DisplayListCanvas is started on unbinded RenderNode (without mOwningView)
01-27 13:38:25.367 23720 23720 W DisplayListCanvas: DisplayListCanvas is started on unbinded RenderNode (without mOwningView)
01-27 13:38:25.367 23720 23720 W DisplayListCanvas: DisplayListCanvas is started on unbinded RenderNode (without mOwningView)
01-27 13:38:25.367 23720 23720 W DisplayListCanvas: DisplayListCanvas is started on unbinded RenderNode (without mOwningView)
01-27 13:38:25.367 23720 23720 W DisplayListCanvas: DisplayListCanvas is started on unbinded RenderNode (without mOwningView)
01-27 13:38:25.367 23720 23720 W DisplayListCanvas: DisplayListCanvas is started on unbinded RenderNode (without mOwningView)
01-27 13:38:25.367 23720 23720 W DisplayListCanvas: DisplayListCanvas is started on unbinded RenderNode (without mOwningView)
01-27 13:38:25.377 23720 23720 W DisplayListCanvas: DisplayListCanvas is started on unbinded RenderNode (without mOwningView)
01-27 13:38:25.377 23720 23720 W DisplayListCanvas: DisplayListCanvas is started on unbinded RenderNode (without mOwningView)
01-27 13:38:25.377 23720 23720 W DisplayListCanvas: DisplayListCanvas is started on unbinded RenderNode (without mOwningView)
01-27 13:38:25.377 23720 23720 W DisplayListCanvas: DisplayListCanvas is started on unbinded RenderNode (without mOwningView)
01-27 13:38:25.377 23720 23720 W DisplayListCanvas: DisplayListCanvas is started on unbinded RenderNode (without mOwningView)
01-27 13:38:25.377 23720 23720 W DisplayListCanvas: DisplayListCanvas is started on unbinded RenderNode (without mOwningView)
01-27 13:38:25.377 23720 23720 W DisplayListCanvas: DisplayListCanvas is started on unbinded RenderNode (without mOwningView)
01-27 13:38:25.377 23720 23720 W DisplayListCanvas: DisplayListCanvas is started on unbinded RenderNode (without mOwningView)
01-27 13:38:25.377 23720 23720 W DisplayListCanvas: DisplayListCanvas is started on unbinded RenderNode (without mOwningView)
01-27 13:38:25.377 23720 23720 W DisplayListCanvas: DisplayListCanvas is started on unbinded RenderNode (without mOwningView)
01-27 13:38:25.377 23720 23720 W DisplayListCanvas: DisplayListCanvas is started on unbinded RenderNode (without mOwningView)
01-27 13:38:25.377 23720 23720 W DisplayListCanvas: DisplayListCanvas is started on unbinded RenderNode (without mOwningView)
01-27 13:38:25.377 23720 23720 W DisplayListCanvas: DisplayListCanvas is started on unbinded RenderNode (without mOwningView)
01-27 13:38:25.377 23720 23720 W DisplayListCanvas: DisplayListCanvas is started on unbinded RenderNode (without mOwningView)
01-27 13:38:25.377 23720 23720 W DisplayListCanvas: DisplayListCanvas is started on unbinded RenderNode (without mOwningView)
01-27 13:38:25.377 23720 23720 W DisplayListCanvas: DisplayListCanvas is started on unbinded RenderNode (without mOwningView)
01-27 13:38:25.377 23720 23720 W DisplayListCanvas: DisplayListCanvas is started on unbinded RenderNode (without mOwningView)
01-27 13:38:25.377 23720 23720 W DisplayListCanvas: DisplayListCanvas is started on unbinded RenderNode (without mOwningView)
01-27 13:38:25.377 23720 23720 W DisplayListCanvas: DisplayListCanvas is started on unbinded RenderNode (without mOwningView)
01-27 13:38:25.377 23720 23720 W DisplayListCanvas: DisplayListCanvas is started on unbinded RenderNode (without mOwningView)
01-27 13:38:25.377 23720 23720 W DisplayListCanvas: DisplayListCanvas is started on unbinded RenderNode (without mOwningView)
01-27 13:38:25.377 23720 23720 W DisplayListCanvas: DisplayListCanvas is started on unbinded RenderNode (without mOwningView)
01-27 13:38:25.377 23720 23720 W DisplayListCanvas: DisplayListCanvas is started on unbinded RenderNode (without mOwningView)
01-27 13:38:25.377 23720 23720 W DisplayListCanvas: DisplayListCanvas is started on unbinded RenderNode (without mOwningView)
01-27 13:38:25.377 23720 23720 W DisplayListCanvas: DisplayListCanvas is started on unbinded RenderNode (without mOwningView)
01-27 13:38:25.377 23720 23720 W DisplayListCanvas: DisplayListCanvas is started on unbinded RenderNode (without mOwningView)
01-27 13:38:25.377 23720 23720 W DisplayListCanvas: DisplayListCanvas is started on unbinded RenderNode (without mOwningView)
01-27 13:38:25.377 23720 23720 W DisplayListCanvas: DisplayListCanvas is started on unbinded RenderNode (without mOwningView)
01-27 13:38:25.377 23720 23720 W DisplayListCanvas: DisplayListCanvas is started on unbinded RenderNode (without mOwningView)
01-27 13:38:25.377 23720 23720 W DisplayListCanvas: DisplayListCanvas is started on unbinded RenderNode (without mOwningView)
01-27 13:38:25.377 23720 23720 W DisplayListCanvas: DisplayListCanvas is started on unbinded RenderNode (without mOwningView)
01-27 13:38:25.377 23720 23720 W DisplayListCanvas: DisplayListCanvas is started on unbinded RenderNode (without mOwningView)
01-27 13:38:25.377 23720 23720 W DisplayListCanvas: DisplayListCanvas is started on unbinded RenderNode (without mOwningView)
01-27 13:38:25.377 23720 23720 W DisplayListCanvas: DisplayListCanvas is started on unbinded RenderNode (without mOwningView)
01-27 13:38:25.377 23720 23720 W DisplayListCanvas: DisplayListCanvas is started on unbinded RenderNode (without mOwningView)
01-27 13:38:25.377 23720 23720 W DisplayListCanvas: DisplayListCanvas is started on unbinded RenderNode (without mOwningView)
01-27 13:38:25.377 23720 23720 W DisplayListCanvas: DisplayListCanvas is started on unbinded RenderNode (without mOwningView)
01-27 13:38:25.377 23720 23720 W DisplayListCanvas: DisplayListCanvas is started on unbinded RenderNode (without mOwningView)
01-27 13:38:25.377 23720 23720 W DisplayListCanvas: DisplayListCanvas is started on unbinded RenderNode (without mOwningView)
01-27 13:38:25.387 23720 23720 W DisplayListCanvas: DisplayListCanvas is started on unbinded RenderNode (without mOwningView)
01-27 13:38:25.387 23720 23720 W DisplayListCanvas: DisplayListCanvas is started on unbinded RenderNode (without mOwningView)
01-27 13:38:25.387 23720 23720 W DisplayListCanvas: DisplayListCanvas is started on unbinded RenderNode (without mOwningView)
01-27 13:38:25.387 23720 23720 W DisplayListCanvas: DisplayListCanvas is started on unbinded RenderNode (without mOwningView)
01-27 13:38:25.387 23720 23720 W DisplayListCanvas: DisplayListCanvas is started on unbinded RenderNode (without mOwningView)
01-27 13:38:25.387 23720 23720 W DisplayListCanvas: DisplayListCanvas is started on unbinded RenderNode (without mOwningView)
01-27 13:38:25.387 23720 23720 W DisplayListCanvas: DisplayListCanvas is started on unbinded RenderNode (without mOwningView)
01-27 13:38:25.387 23720 23720 W DisplayListCanvas: DisplayListCanvas is started on unbinded RenderNode (without mOwningView)
01-27 13:38:25.387 23720 23720 W DisplayListCanvas: DisplayListCanvas is started on unbinded RenderNode (without mOwningView)
01-27 13:38:25.387 23720 23720 W DisplayListCanvas: DisplayListCanvas is started on unbinded RenderNode (without mOwningView)
01-27 13:38:25.387 23720 23720 W DisplayListCanvas: DisplayListCanvas is started on unbinded RenderNode (without mOwningView)
01-27 13:38:25.387 23720 23720 W DisplayListCanvas: DisplayListCanvas is started on unbinded RenderNode (without mOwningView)
01-27 13:38:25.387 23720 23720 W DisplayListCanvas: DisplayListCanvas is started on unbinded RenderNode (without mOwningView)
01-27 13:38:25.387 23720 23720 W DisplayListCanvas: DisplayListCanvas is started on unbinded RenderNode (without mOwningView)
01-27 13:38:25.407 23720 23827 D OpenGLRenderer: endAllActiveAnimators on 0xdcc37180 (ListView) with handle 0xd80ff890
01-27 13:38:25.407 23720 23720 I Timeline: Timeline: Activity_idle id: android.os.BinderProxy@b583c71 time:15848787
01-27 13:38:25.577 23720 23720 V ActivityThread: updateVisibility : ActivityRecord{baa1101 token=android.os.BinderProxy@55cebd7 {org.thoughtcrime.securesms/org.thoughtcrime.securesms.ApplicationPreferencesActivity}} show : false
01-27 13:38:25.827 23720 13909 W WebSocketConnection: onConnected()
01-27 13:38:25.887 23720 23720 D ViewRootImpl: ViewPostImeInputStage processPointer 0
01-27 13:38:25.957 23720 23720 D ViewRootImpl: ViewPostImeInputStage processPointer 1
01-27 13:38:25.987 23720 23720 D ViewRootImpl: #1 mView = com.android.internal.policy.PhoneWindow$DecorView{1d31620 V.E...... R.....I. 0,0-0,0}
01-27 13:38:26.017 23720 23827 D mali_winsys: EGLint new_window_surface(egl_winsys_display*, void*, EGLSurface, EGLConfig, egl_winsys_surface**, egl_color_buffer_format*, EGLBoolean) returns 0x3000,  [1592x889]-format:1
01-27 13:38:26.037 23720 23744 I System.out: Thread-1847(ApacheHTTPLog):isSBSettingEnabled true
01-27 13:38:26.037 23720 23744 I System.out: Thread-1847(ApacheHTTPLog):isShipBuild true
01-27 13:38:26.037 23720 23744 I System.out: Thread-1847(ApacheHTTPLog):getDebugLevel 0x4f4c
01-27 13:38:26.037 23720 23744 I System.out: Thread-1847(ApacheHTTPLog):Smart Bonding Setting is true
01-27 13:38:26.037 23720 23744 I System.out: Thread-1847(ApacheHTTPLog):SmartBonding Setting is true, SHIP_BUILD is true, log to file is false, DBG is false, DEBUG_LEVEL (1-LOW, 2-MID, 3-HIGH) is 1
01-27 13:38:26.037 23720 23720 W DisplayListCanvas: DisplayListCanvas is started on unbinded RenderNode (without mOwningView)
01-27 13:38:26.057 23720 23720 D ViewRootImpl: MSG_RESIZED_REPORT: ci=Rect(0, 0 - 0, 0) vi=Rect(0, 0 - 0, 0) or=1
01-27 13:38:29.447 23720 23744 I System.out: AsyncTask #1 calls detatch()
01-27 13:38:29.577 23720 23720 D ViewRootImpl: #3 mView = null
01-27 13:38:29.617 23720 23720 D ViewRootImpl: #1 mView = com.android.internal.policy.PhoneWindow$DecorView{ae2bab9 V.E...... R.....I. 0,0-0,0}
01-27 13:38:29.617 23720 23729 I art     : Background sticky concurrent mark sweep GC freed 76073(4MB) AllocSpace objects, 66(5MB) LOS objects, 20% free, 32MB/41MB, paused 1.350ms total 127.692ms
01-27 13:38:29.657 23720 23827 D mali_winsys: EGLint new_window_surface(egl_winsys_display*, void*, EGLSurface, EGLConfig, egl_winsys_surface**, egl_color_buffer_format*, EGLBoolean) returns 0x3000,  [1592x1281]-format:1
01-27 13:38:29.657 23720 23720 E ViewRootImpl: sendUserActionEvent() mView == null
01-27 13:38:29.667 23720 23720 W DisplayListCanvas: DisplayListCanvas is started on unbinded RenderNode (without mOwningView)
01-27 13:38:29.677 23720 23720 D ViewRootImpl: MSG_RESIZED_REPORT: ci=Rect(0, 0 - 0, 0) vi=Rect(0, 0 - 0, 0) or=1
01-27 13:38:30.987 23720 23720 D ViewRootImpl: ViewPostImeInputStage processPointer 0
01-27 13:38:31.057 23720 23720 D ViewRootImpl: ViewPostImeInputStage processPointer 1
01-27 13:38:31.077 23720 23720 D ViewRootImpl: #3 mView = null
01-27 13:38:31.157 23720 23720 E ViewRootImpl: sendUserActionEvent() mView == null
01-27 13:38:31.157 23720 23720 D ViewRootImpl: #1 mView = android.widget.LinearLayout{d6fdcba V.E...... ......I. 0,0-0,0 #102039c android:id/toast_layout_root}
01-27 13:38:31.157 23720 23720 D SecWifiDisplayUtil: Metadata value : SecSettings2
01-27 13:38:31.197 23720 23827 D mali_winsys: EGLint new_window_surface(egl_winsys_display*, void*, EGLSurface, EGLConfig, egl_winsys_surface**, egl_color_buffer_format*, EGLBoolean) returns 0x3000,  [672x200]-format:1
01-27 13:38:31.197 23720 23720 W PassphraseRequiredActionBarActivity: onResume()
01-27 13:38:31.197 23720 23720 D ViewRootImpl: MSG_RESIZED_REPORT: ci=Rect(0, 0 - 0, 0) vi=Rect(0, 0 - 0, 0) or=1
01-27 13:38:31.207 23720 23720 W DisplayListCanvas: DisplayListCanvas is started on unbinded RenderNode (without mOwningView)
01-27 13:38:31.227 23720 23827 D mali_winsys: EGLint new_window_surface(egl_winsys_display*, void*, EGLSurface, EGLConfig, egl_winsys_surface**, egl_color_buffer_format*, EGLBoolean) returns 0x3000,  [1440x2560]-format:1
01-27 13:38:31.237 23720 23720 W KeyCachingService: onStartCommand, org.thoughtcrime.securesms.service.action.ACTIVITY_START_EVENT
01-27 13:38:31.237 23720 23720 W KeyCachingService: Incrementing activity count...
01-27 13:38:31.237 23720 23720 W MessageRetrievalService: Active Count: 1
01-27 13:38:31.247 23720 23720 I Timeline: Timeline: Activity_idle id: android.os.BinderProxy@55cebd7 time:15854624
01-27 13:38:31.537 23720 23720 D MultiPhoneWindow: performUpdateVisibility, same visibility false
01-27 13:38:31.537 23720 23720 D ViewRootImpl: #3 mView = null
01-27 13:38:32.947 23720 23720 D ViewRootImpl: ViewPostImeInputStage processPointer 0
01-27 13:38:32.967 23720 23720 D ViewRootImpl: #3 mView = null
01-27 13:38:33.007 23720 23720 D ViewRootImpl: ViewPostImeInputStage processPointer 1
01-27 13:38:33.087 23720 23720 I Timeline: Timeline: Activity_launch_request id:org.thoughtcrime.securesms time:15856460
01-27 13:38:33.107 23720 23720 W PassphraseRequiredActionBarActivity: onPause()
01-27 13:38:33.117 23720 23720 W KeyCachingService: onStartCommand, org.thoughtcrime.securesms.service.action.ACTIVITY_STOP_EVENT
01-27 13:38:33.117 23720 23720 W KeyCachingService: Decrementing activity count...
01-27 13:38:33.117 23720 23720 W MessageRetrievalService: Active Count: 0
01-27 13:38:33.117 23720 23720 D RelationGraph: garbageCollect()
01-27 13:38:33.117 23720 23720 W ResourcesManager: getTopLevelResources: /data/app/org.thoughtcrime.securesms-1/base.apk / 1.0 running in org.thoughtcrime.securesms rsrc of package org.thoughtcrime.securesms
01-27 13:38:33.137 23720 23720 D Activity: performCreate Call Injection manager
01-27 13:38:33.147 23720 23720 I InjectionManager: dispatchOnViewCreated > Target : org.thoughtcrime.securesms.LogSubmitActivity isFragment :false
01-27 13:38:33.147 23720 23720 D ViewRootImpl: #1 mView = com.android.internal.policy.MultiPhoneWindow$MultiPhoneDecorView{aace3ca I.E...... R.....ID 0,0-0,0}
01-27 13:38:33.147 23720 23720 D SecWifiDisplayUtil: Metadata value : SecSettings2
01-27 13:38:33.167 23720 23720 D MultiPhoneWindow: performUpdateVisibility, same visibility false
01-27 13:38:33.197 23720 23827 D mali_winsys: EGLint new_window_surface(egl_winsys_display*, void*, EGLSurface, EGLConfig, egl_winsys_surface**, egl_color_buffer_format*, EGLBoolean) returns 0x3000,  [1440x2560]-format:1
